// Jest Snapshot v1, https://goo.gl/fbAQLP

exports[`RegisterForm component tests should have cancel button directing us back to login page 1`] = `
<a
  href="/"
  onClick={[Function]}
/>
`;
